{"aggs":{"front_matter_keys":{"filter":{"bool":{"must":[{"bool":{"must":[]}}]}},"aggs":{"front_matter_keys":{"terms":{"field":"front_matter_keys","size":1000000,"order":{"_term":"asc"}},"aggs":{"agg_bucket_sort":{"bucket_sort":{"from":0,"size":25,"sort":[]}}}}}}},"query":{"bool":{"must":{"query_string":{"query":"(foo)"}},"filter":[{"bool":{"must":[]}}]}},"sort":[{"nct_id":"asc"}],"timeout":"11s","size":0,"from":0}